Starting disposable Stage 8 Neo4j container: sample-graphrag-stage8-neo4j-76120
Waiting for Neo4j on 127.0.0.1:52614
Running Stage 8 Neo4j integration tests
test_complete_authorized_topology_with_recorded_mapping (test_structured_mapping_neo4j.StructuredMappingNeo4jTests.test_complete_authorized_topology_with_recorded_mapping) ... ERROR
test_durable_mapping_replay_and_scoped_candidates (test_structured_mapping_neo4j.StructuredMappingNeo4jTests.test_durable_mapping_replay_and_scoped_candidates) ... ERROR

======================================================================
ERROR: test_complete_authorized_topology_with_recorded_mapping (test_structured_mapping_neo4j.StructuredMappingNeo4jTests.test_complete_authorized_topology_with_recorded_mapping)
----------------------------------------------------------------------
Traceback (most recent call last):
  File "/Users/shanzhonghan/Documents/mini_projects/ai_power/ai_power_kg/kg_training/sample-graphrag/tests/integration/test_structured_mapping_neo4j.py", line 91, in test_complete_authorized_topology_with_recorded_mapping
    result = self.workflow.run(self.principal, payload, metadata)
             ^^^^^^^^^^^^^^^^^^^^^^^^^^^^^^^^^^^^^^^^^^^^^^^^^^^^
  File "/Users/shanzhonghan/Documents/mini_projects/ai_power/ai_power_kg/kg_training/sample-graphrag/src/graphrag_prod/construction/workflow.py", line 2510, in run
    else:
          
  File "/Users/shanzhonghan/Documents/mini_projects/ai_power/ai_power_kg/kg_training/sample-graphrag/src/graphrag_prod/construction/workflow.py", line 2456, in process
    assert extractor is not None
           ^^^^^^^^^^^^^^^^^^^^^
  File "/Users/shanzhonghan/Documents/mini_projects/ai_power/ai_power_kg/kg_training/sample-graphrag/src/graphrag_prod/construction/workflow.py", line 2998, in _process_chunk
    elif audited is not None and audited.status is GovernanceStatus.CANDIDATE:
        ^^^^^^^^^^^^^^^^^^^^^^^^^^^^^^^^^^^^^^^^^^^^^^^^^^
  File "/Users/shanzhonghan/Documents/mini_projects/ai_power/ai_power_kg/kg_training/sample-graphrag/src/graphrag_prod/knowledge/store.py", line 443, in persist_llm_candidates
    return self._write_batch(batch, publish_entity_profiles=False)
           ^^^^^^^^^^^^^^^^^^^^^^^^^^^^^^^^^^^^^^^^^^^^^^^^^^^^^^^
  File "/Users/shanzhonghan/Documents/mini_projects/ai_power/ai_power_kg/kg_training/sample-graphrag/src/graphrag_prod/knowledge/store.py", line 494, in _write_batch
    return session.execute_write(
           ^^^^^^^^^^^^^^^^^^^^^^
  File "/Users/shanzhonghan/Documents/mini_projects/ai_power/ai_power_kg/kg_training/sample-graphrag/.venv/lib/python3.12/site-packages/neo4j/_sync/work/session.py", line 754, in execute_write
    return self._run_transaction(
           ^^^^^^^^^^^^^^^^^^^^^^
  File "/Users/shanzhonghan/Documents/mini_projects/ai_power/ai_power_kg/kg_training/sample-graphrag/.venv/lib/python3.12/site-packages/neo4j/_sync/work/session.py", line 577, in _run_transaction
    result = transaction_function(tx, *args, **kwargs)
             ^^^^^^^^^^^^^^^^^^^^^^^^^^^^^^^^^^^^^^^^^
  File "/Users/shanzhonghan/Documents/mini_projects/ai_power/ai_power_kg/kg_training/sample-graphrag/src/graphrag_prod/knowledge/store.py", line 507, in _write_batch_tx
    cls._validate_tbox_tx(tx, batch)
  File "/Users/shanzhonghan/Documents/mini_projects/ai_power/ai_power_kg/kg_training/sample-graphrag/src/graphrag_prod/knowledge/store.py", line 710, in _validate_tbox_tx
    _validate_literal_semantics(
  File "/Users/shanzhonghan/Documents/mini_projects/ai_power/ai_power_kg/kg_training/sample-graphrag/src/graphrag_prod/knowledge/store.py", line 345, in _validate_literal_semantics
    raise KnowledgeSchemaError(
graphrag_prod.knowledge.store.KnowledgeSchemaError: typed literal canonical or temporal values do not match server normalization

======================================================================
ERROR: test_durable_mapping_replay_and_scoped_candidates (test_structured_mapping_neo4j.StructuredMappingNeo4jTests.test_durable_mapping_replay_and_scoped_candidates)
----------------------------------------------------------------------
Traceback (most recent call last):
  File "/Users/shanzhonghan/Documents/mini_projects/ai_power/ai_power_kg/kg_training/sample-graphrag/tests/integration/test_structured_mapping_neo4j.py", line 48, in test_durable_mapping_replay_and_scoped_candidates
    self.workflow.run(principal, payload, metadata)
  File "/Users/shanzhonghan/Documents/mini_projects/ai_power/ai_power_kg/kg_training/sample-graphrag/src/graphrag_prod/construction/workflow.py", line 2185, in run
    raise ConstructionConflict("tenant has no active PUBLISHED T-Box for this key")
graphrag_prod.construction.workflow.ConstructionConflict: tenant has no active PUBLISHED T-Box for this key

----------------------------------------------------------------------
Ran 2 tests in 191.367s

FAILED (errors=2)
