/Users/shanzhonghan/Documents/mini_projects/ai_power/ai_power_kg/kg_training/sample-graphrag/.venv/lib/python3.12/site-packages/fastapi/testclient.py:1: StarletteDeprecationWarning: Using `httpx` with `starlette.testclient` is deprecated; install `httpx2` instead.
  from starlette.testclient import TestClient as TestClient  # noqa
F
======================================================================
FAIL: test_late_running_poll_cannot_replace_terminal_retry_during_slow_queue_refresh (tests.unit.test_auto_review_ui.AutoReviewUiTests.test_late_running_poll_cannot_replace_terminal_retry_during_slow_queue_refresh)
----------------------------------------------------------------------
Traceback (most recent call last):
  File "/Users/shanzhonghan/Documents/mini_projects/ai_power/ai_power_kg/kg_training/sample-graphrag/tests/unit/test_auto_review_ui.py", line 185, in test_late_running_poll_cannot_replace_terminal_retry_during_slow_queue_refresh
    self.run_review(r"""
  File "/Users/shanzhonghan/Documents/mini_projects/ai_power/ai_power_kg/kg_training/sample-graphrag/tests/unit/test_auto_review_ui.py", line 19, in run_review
    self.run_module(r"""
  File "/Users/shanzhonghan/Documents/mini_projects/ai_power/ai_power_kg/kg_training/sample-graphrag/tests/unit/test_industrial_web.py", line 56, in run_module
    self.assertEqual(result.returncode, 0, result.stderr)
AssertionError: 1 != 0 : node:internal/modules/run_main:104
    triggerUncaughtException(
    ^

AssertionError [ERR_ASSERTION]: late progress must not replace the completed operation
+ actual - expected

+ 'RUNNING'
- 'COMPLETED'

    at eval (eval at <anonymous> (eval at <anonymous> (file:///Users/shanzhonghan/Documents/mini_projects/ai_power/ai_power_kg/kg_training/sample-graphrag/[eval1]:20:9)), <anonymous>:13:8)
    at async eval (eval at <anonymous> (file:///Users/shanzhonghan/Documents/mini_projects/ai_power/ai_power_kg/kg_training/sample-graphrag/[eval1]:20:9), <anonymous>:21:1)
    at async file:///Users/shanzhonghan/Documents/mini_projects/ai_power/ai_power_kg/kg_training/sample-graphrag/[eval1]:20:3 {
  generatedMessage: false,
  code: 'ERR_ASSERTION',
  actual: 'RUNNING',
  expected: 'COMPLETED',
  operator: 'strictEqual'
}

Node.js v23.11.0


----------------------------------------------------------------------
Ran 1 test in 0.107s

FAILED (failures=1)
