/Users/shanzhonghan/Documents/mini_projects/ai_power/ai_power_kg/kg_training/sample-graphrag/.venv/lib/python3.12/site-packages/fastapi/testclient.py:1: StarletteDeprecationWarning: Using `httpx` with `starlette.testclient` is deprecated; install `httpx2` instead.
  from starlette.testclient import TestClient as TestClient  # noqa
............................................................................{"duration_ms":0.377189,"error_code":"unauthenticated","event":"request_completed","level":"WARNING","method":"GET","request_id":"dfbcf08c33284777b1abe50dd7ad906b","route":"<unknown>","service":"reset-unit","status":401,"timestamp":"2026-09-13T15:27:00.065536Z","trace_id":"e70af4fce2a84d9f8b7d797c92a4e1c3"}
{"duration_ms":2.919062,"event":"request_completed","level":"INFO","method":"GET","request_id":"7ec35b22ee954db4a0438017d8bc286e","route":"/v1/ontologies","service":"reset-unit","status":200,"timestamp":"2026-09-13T15:27:00.069779Z","trace_id":"ac068524f5cb497a9a7236bbfdcecf75"}
{"duration_ms":1.652339,"error_code":"forbidden","event":"request_completed","level":"WARNING","method":"POST","request_id":"1845efd5befa41b787928fe10561d397","route":"/v1/ontologies:import","service":"reset-unit","status":403,"timestamp":"2026-09-13T15:27:00.073963Z","trace_id":"a23c039dc17b4715bd9b9648cbebcbfd"}
.......................................[4/5] External provider warm-up explicitly skipped; connectivity is unverified. Uploads and queries still require the real provider.
.[1/5] Verifying the versioned dev-corpus-v1 corpus
[2/5] Verifying the existing production graph schema
[1/5] Verifying the versioned dev-corpus-v1 corpus
[2/5] Verifying the existing production graph schema
.[1/5] Verifying the versioned dev-corpus-v1 corpus
[2/5] Verifying the existing production graph schema
[3/5] Verifying current embedding profiles; preserving existing data
[1/5] Verifying the versioned dev-corpus-v1 corpus
[2/5] Verifying the existing production graph schema
[3/5] Verifying current embedding profiles; preserving existing data
[1/5] Verifying the versioned dev-corpus-v1 corpus
[2/5] Verifying the existing production graph schema
[3/5] Verifying current embedding profiles; preserving existing data
[1/5] Verifying the versioned dev-corpus-v1 corpus
[2/5] Verifying the existing production graph schema
[3/5] Verifying current embedding profiles; preserving existing data
[1/5] Verifying the versioned dev-corpus-v1 corpus
[2/5] Verifying the existing production graph schema
[3/5] Verifying current embedding profiles; preserving existing data
[1/5] Verifying the versioned dev-corpus-v1 corpus
[2/5] Verifying the existing production graph schema
[3/5] Verifying current embedding profiles; preserving existing data
[1/5] Verifying the versioned dev-corpus-v1 corpus
[2/5] Verifying the existing production graph schema
[3/5] Verifying current embedding profiles; preserving existing data
[1/5] Verifying the versioned dev-corpus-v1 corpus
[2/5] Verifying the existing production graph schema
[3/5] Verifying current embedding profiles; preserving existing data
[1/5] Verifying the versioned dev-corpus-v1 corpus
[2/5] Verifying the existing production graph schema
[3/5] Verifying current embedding profiles; preserving existing data
[1/5] Verifying the versioned dev-corpus-v1 corpus
[2/5] Verifying the existing production graph schema
[3/5] Verifying current embedding profiles; preserving existing data
[1/5] Verifying the versioned dev-corpus-v1 corpus
[2/5] Verifying the existing production graph schema
[3/5] Verifying current embedding profiles; preserving existing data
[1/5] Verifying the versioned dev-corpus-v1 corpus
[2/5] Verifying the existing production graph schema
[3/5] Verifying current embedding profiles; preserving existing data
.[1/5] Verifying the versioned dev-corpus-v1 corpus
[2/5] Verifying the existing production graph schema
[3/5] Verifying current embedding profiles; preserving existing data
[1/5] Verifying the versioned dev-corpus-v1 corpus
[2/5] Verifying the existing production graph schema
[3/5] Verifying current embedding profiles; preserving existing data
[1/5] Verifying the versioned dev-corpus-v1 corpus
[2/5] Verifying the existing production graph schema
[3/5] Verifying current embedding profiles; preserving existing data
[1/5] Verifying the versioned dev-corpus-v1 corpus
[2/5] Verifying the existing production graph schema
[3/5] Verifying current embedding profiles; preserving existing data
[1/5] Verifying the versioned dev-corpus-v1 corpus
[2/5] Verifying the existing production graph schema
[3/5] Verifying current embedding profiles; preserving existing data
[1/5] Verifying the versioned dev-corpus-v1 corpus
[2/5] Verifying the existing production graph schema
[3/5] Verifying current embedding profiles; preserving existing data
[1/5] Verifying the versioned dev-corpus-v1 corpus
[2/5] Verifying the existing production graph schema
[3/5] Verifying current embedding profiles; preserving existing data
[1/5] Verifying the versioned dev-corpus-v1 corpus
[2/5] Verifying the existing production graph schema
[3/5] Verifying current embedding profiles; preserving existing data
[1/5] Verifying the versioned dev-corpus-v1 corpus
[2/5] Verifying the existing production graph schema
[3/5] Verifying current embedding profiles; preserving existing data
[1/5] Verifying the versioned dev-corpus-v1 corpus
[2/5] Verifying the existing production graph schema
[3/5] Verifying current embedding profiles; preserving existing data
[1/5] Verifying the versioned dev-corpus-v1 corpus
[2/5] Verifying the existing production graph schema
[3/5] Verifying current embedding profiles; preserving existing data
[1/5] Verifying the versioned dev-corpus-v1 corpus
[2/5] Verifying the existing production graph schema
[3/5] Verifying current embedding profiles; preserving existing data
.[1/5] Verifying the versioned dev-corpus-v1 corpus
[2/5] Verifying the existing production graph schema
[3/5] Verifying current embedding profiles; preserving existing data
..................[4/5] Warming the bounded retrieval path for both tenants
[4/5] Warming the bounded retrieval path for both tenants
.[4/5] Warming the bounded retrieval path for both tenants
      Retrieval warm-up timed out for alpha; retrying once with the same bounds and query embedding
.[4/5] Warming the bounded retrieval path for both tenants
.[4/5] Warming the bounded retrieval path for both tenants
      Retrieval warm-up timed out for alpha; retrying once with the same bounds and query embedding
[4/5] Warming the bounded retrieval path for both tenants
      Retrieval warm-up timed out for alpha; retrying once with the same bounds and query embedding
.[4/5] Warming the bounded retrieval path for both tenants
      Retrieval warm-up timed out for alpha; retrying once with the same bounds and query embedding
.
----------------------------------------------------------------------
Ran 142 tests in 20.417s

OK
