/Users/shanzhonghan/Documents/mini_projects/ai_power/ai_power_kg/kg_training/sample-graphrag/.venv/lib/python3.12/site-packages/fastapi/testclient.py:1: StarletteDeprecationWarning: Using `httpx` with `starlette.testclient` is deprecated; install `httpx2` instead.
  from starlette.testclient import TestClient as TestClient  # noqa
{"duration_ms":3.648394,"event":"request_completed","level":"INFO","method":"GET","request_id":"15dbbd01dc80426a9ff32add49330de7","route":"/v1/knowledge/construction-jobs/{job_id}/auto-review","service":"graphrag-prod","status":200,"timestamp":"2026-09-13T16:12:36.102190Z","trace_id":"9be9f67ddccf494bb0e2c6289da113c8"}
{"duration_ms":1.925226,"event":"request_completed","level":"INFO","method":"POST","request_id":"52dcd6dedfae44b493736f8d0d012bea","route":"/v1/knowledge/construction-jobs/{job_id}/auto-review:run","service":"graphrag-prod","status":200,"timestamp":"2026-09-13T16:12:36.105936Z","trace_id":"63699ab71b934b0c82e62e3752fc563e"}
{"duration_ms":1.181843,"error_code":"forbidden","event":"request_completed","level":"WARNING","method":"GET","request_id":"b922e11455b941578112d4f10359d711","route":"/v1/knowledge/construction-jobs/{job_id}/auto-review","service":"graphrag-prod","status":403,"timestamp":"2026-09-13T16:12:36.346909Z","trace_id":"1cb52a61d18f4781812ad776399cbd66"}
{"duration_ms":1.659392,"error_code":"forbidden","event":"request_completed","level":"WARNING","method":"POST","request_id":"5a5b69988e2248958a2d8cbe4b220b1c","route":"/v1/knowledge/construction-jobs/{job_id}/auto-review:run","service":"graphrag-prod","status":403,"timestamp":"2026-09-13T16:12:36.350558Z","trace_id":"18ca40c1bdd34ea38b39d195df55a7e7"}
{"duration_ms":1.49869,"error_code":"invalid_request","event":"request_completed","level":"WARNING","method":"POST","request_id":"26c285042c3e40ebb6f34e36d0c9e1a9","route":"/v1/knowledge/construction-jobs/{job_id}/auto-review:run","service":"graphrag-prod","status":422,"timestamp":"2026-09-13T16:12:36.526315Z","trace_id":"3d3f0611ff774a73ba9d66f1d14e566f"}
{"duration_ms":1.801208,"error_code":"forbidden","event":"request_completed","level":"WARNING","method":"GET","request_id":"d831c3a5e6ef4cee9cac2a76fa2ed110","route":"/v1/knowledge/construction-jobs/{job_id}/auto-review","service":"graphrag-prod","status":403,"timestamp":"2026-09-13T16:12:36.670822Z","trace_id":"508f11d064724bcc8f584b948a35cae4"}
{"duration_ms":1.450435,"error_code":"forbidden","event":"request_completed","level":"WARNING","method":"POST","request_id":"63a1c855dbfd4301a48a30c296cfae40","route":"/v1/knowledge/construction-jobs/{job_id}/auto-review:run","service":"graphrag-prod","status":403,"timestamp":"2026-09-13T16:12:36.673710Z","trace_id":"c87ee51a3d3c4f108f629a4a2e1e1b28"}
{"duration_ms":1.786482,"event":"request_completed","level":"INFO","method":"GET","request_id":"06047c338502428a97f5391c12fa79fb","route":"/v1/ontologies","service":"graphrag-prod","status":200,"timestamp":"2026-09-13T16:12:36.758823Z","trace_id":"fb9c8c3340dc4afb8922fdf99e59911c"}
{"duration_ms":1.744353,"event":"request_completed","level":"INFO","method":"POST","request_id":"352d5412c2184e53bef3b57d8204ed33","route":"/v1/ontologies:import","service":"graphrag-prod","status":200,"timestamp":"2026-09-13T16:12:36.761921Z","trace_id":"de2bf5ec34754934850f3ca9dcad27d2"}
{"duration_ms":1.975835,"event":"request_completed","level":"INFO","method":"POST","request_id":"ced455d11fef49eba4b392ff46882619","route":"/v1/ontologies/{tbox_id}:publish","service":"graphrag-prod","status":200,"timestamp":"2026-09-13T16:12:36.765412Z","trace_id":"07c20534f79540d79f85c2e22669cc66"}
{"duration_ms":1.707941,"event":"request_completed","level":"INFO","method":"POST","request_id":"c857ac079bed4d60aa42d8c1ebc87922","route":"/v1/knowledge/authoritative:import","service":"graphrag-prod","status":200,"timestamp":"2026-09-13T16:12:36.768620Z","trace_id":"2b4d478e338a4c28806dbee6d759fd2f"}
{"duration_ms":2.401872,"event":"request_completed","level":"INFO","method":"POST","request_id":"b334dc6e48b1453ebc6a33b57adf4d0b","route":"/v1/knowledge:construct","service":"graphrag-prod","status":200,"timestamp":"2026-09-13T16:12:36.772324Z","trace_id":"a1fe7cdc18d640eb939419b39da889a7"}
{"duration_ms":1.348813,"event":"request_completed","level":"INFO","method":"GET","request_id":"2d0e9cb7aaaa44f19d5ff72d89ce2585","route":"/v1/knowledge/construction-jobs/{job_id}","service":"graphrag-prod","status":200,"timestamp":"2026-09-13T16:12:36.774967Z","trace_id":"8368e0fbaf6643a19816fb0a056be8b1"}
{"duration_ms":1.17307,"event":"request_completed","level":"INFO","method":"GET","request_id":"928e490450fd4127bb83816873124734","route":"/v1/knowledge/construction-jobs","service":"graphrag-prod","status":200,"timestamp":"2026-09-13T16:12:36.777383Z","trace_id":"59feebe80aac46acb546e3553a0aa866"}
{"duration_ms":1.474049,"event":"request_completed","level":"INFO","method":"GET","request_id":"14d6571e54b24ebc9544dab626258b2c","route":"/v1/knowledge/review-queue","service":"graphrag-prod","status":200,"timestamp":"2026-09-13T16:12:36.780040Z","trace_id":"8b790feebc0141849b37c9744256b19e"}
{"duration_ms":2.137255,"event":"request_completed","level":"INFO","method":"GET","request_id":"193e2fc3fa6c454ca6e2f3791ec66172","route":"/v1/knowledge/entity-resolution/{record_id}","service":"graphrag-prod","status":200,"timestamp":"2026-09-13T16:12:36.783900Z","trace_id":"24e21167fd164fb9a1ecfc849f346aca"}
{"duration_ms":1.595157,"event":"request_completed","level":"INFO","method":"POST","request_id":"5f65ee8d7e014cc8a89d0c947df05272","route":"/v1/knowledge/entity-resolution:apply","service":"graphrag-prod","status":200,"timestamp":"2026-09-13T16:12:36.787032Z","trace_id":"b92428ff3f46455aa90c825c1f166347"}
{"duration_ms":3.538819,"event":"request_completed","level":"INFO","method":"POST","request_id":"0e24cdbaf1104c36b55f870d6a5e43b8","route":"/v1/knowledge/reviews:batch","service":"graphrag-prod","status":200,"timestamp":"2026-09-13T16:12:36.791966Z","trace_id":"9523301590094d8db8306005b1a14a12"}
{"duration_ms":1.984451,"event":"request_completed","level":"INFO","method":"POST","request_id":"50a9e9c625f84c0580f4ee4bc92362d1","route":"/v1/knowledge/publications:publish","service":"graphrag-prod","status":200,"timestamp":"2026-09-13T16:12:36.795280Z","trace_id":"fc8a61ed574a4d3babe6426c92edb05b"}
{"duration_ms":1.748984,"event":"request_completed","level":"INFO","method":"GET","request_id":"ce8679edfeef4f0e9a66c9a4ab510d2b","route":"/v1/knowledge/publication-candidates","service":"graphrag-prod","status":200,"timestamp":"2026-09-13T16:12:36.798677Z","trace_id":"770b11502b6040b88ba424f4b6ec62ac"}
{"duration_ms":1.728998,"event":"request_completed","level":"INFO","method":"POST","request_id":"9685409236394dd1811834ec3f41dbbc","route":"/v1/knowledge/publications/{publication_id}:rollback","service":"graphrag-prod","status":200,"timestamp":"2026-09-13T16:12:36.802172Z","trace_id":"64e8d937802c4cbdbababbae945f9d6c"}
{"duration_ms":1.256642,"event":"request_completed","level":"INFO","method":"GET","request_id":"7db2bd5f2ac14537be580fe21577a465","route":"/v1/knowledge/publications","service":"graphrag-prod","status":200,"timestamp":"2026-09-13T16:12:36.804838Z","trace_id":"2d906f2ceb3a49819e9521d9c8f4726d"}
{"duration_ms":1.279569,"event":"request_completed","level":"INFO","method":"GET","request_id":"1e0a851116a04773baaef8eb339620ea","route":"/v1/knowledge/quality","service":"graphrag-prod","status":200,"timestamp":"2026-09-13T16:12:36.807582Z","trace_id":"c34d597634d447d4851b1f4d1fdfa103"}
{"duration_ms":1.619724,"event":"request_completed","level":"INFO","method":"GET","request_id":"ff835bf2abdd4d49be88f8e6c7775e50","route":"/v1/knowledge/publication-inventory","service":"graphrag-prod","status":200,"timestamp":"2026-09-13T16:12:36.810661Z","trace_id":"fd1fae3ec4b2478e81ba1bf7365122c9"}
{"duration_ms":1.556632,"event":"request_completed","level":"INFO","method":"GET","request_id":"8dd3985dc6b74027a0c6eebbd3e3557b","route":"/v1/knowledge/documents","service":"graphrag-prod","status":200,"timestamp":"2026-09-13T16:12:36.813594Z","trace_id":"49955310d6ae40edbfadf4f912d5c46f"}
{"duration_ms":2.941066,"event":"request_completed","level":"INFO","method":"POST","request_id":"7c7cafa7309447909e6970705e3c7650","route":"/v1/knowledge/documents/{document_id}:retire","service":"graphrag-prod","status":200,"timestamp":"2026-09-13T16:12:36.818383Z","trace_id":"b8665dd0264349f79048c4ac81a473e2"}
{"duration_ms":1.997155,"error_code":"invalid_request","event":"request_completed","level":"WARNING","method":"POST","request_id":"618603e559bd4d29bf4985f42fe9f9c9","route":"/v1/ontologies:import","service":"graphrag-prod","status":422,"timestamp":"2026-09-13T16:12:36.894259Z","trace_id":"fc06fb1bf75a4f94a36e11b8af9cad0f"}
{"duration_ms":2.460356,"event":"request_completed","level":"INFO","method":"POST","request_id":"4e1c0a7fd07b4c9da6d22b13194a3548","route":"/v1/knowledge/authoritative:import","service":"graphrag-prod","status":200,"timestamp":"2026-09-13T16:12:36.963877Z","trace_id":"fef07a70b0a24ca18cdda6cadf0dd57e"}
{"duration_ms":1.285462,"error_code":"invalid_request","event":"request_completed","level":"WARNING","method":"POST","request_id":"d14bb5e394b9472d869136fed2aa65e6","route":"/v1/knowledge/authoritative:import","service":"graphrag-prod","status":422,"timestamp":"2026-09-13T16:12:36.966716Z","trace_id":"5e97ff1b37c54f5e9a414ad7fdc2b67d"}
{"duration_ms":2.402427,"event":"request_completed","level":"INFO","method":"POST","request_id":"8580e252e06e4d8b813e173b7a4e3189","route":"/v1/knowledge/reviews:batch","service":"graphrag-prod","status":200,"timestamp":"2026-09-13T16:12:37.229812Z","trace_id":"1d1126a4619b46be9de2ea9c3438b6f3"}
{"duration_ms":1.470208,"event":"request_completed","level":"INFO","method":"POST","request_id":"a0af05e7523149eeb59673ea9b9d605b","route":"/v1/knowledge/reviews:batch","service":"graphrag-prod","status":200,"timestamp":"2026-09-13T16:12:37.233065Z","trace_id":"fae872c91a0d4030b101117a3ff89866"}
{"duration_ms":1.576477,"event":"request_completed","level":"INFO","method":"POST","request_id":"d2b90b17f16f4ea5b8bd7f544d61ea94","route":"/v1/knowledge/reviews:batch","service":"graphrag-prod","status":200,"timestamp":"2026-09-13T16:12:37.236263Z","trace_id":"90cafd3c81b042b7ad38c2b3733066d6"}
{"duration_ms":1.486643,"event":"request_completed","level":"INFO","method":"POST","request_id":"b88df980f0db44bfb52651ae80b268cf","route":"/v1/knowledge/reviews:batch","service":"graphrag-prod","status":200,"timestamp":"2026-09-13T16:12:37.239105Z","trace_id":"a5ae6caa8fda443c8c0015b2943069bb"}
{"duration_ms":1.095028,"error_code":"invalid_request","event":"request_completed","level":"WARNING","method":"POST","request_id":"1e1c97d0ea3741cba57dcbf669ae814f","route":"/v1/knowledge/reviews:batch","service":"graphrag-prod","status":422,"timestamp":"2026-09-13T16:12:37.241618Z","trace_id":"4c7f317d8e2c48009f9a9f1fdb954a3b"}
{"duration_ms":1.154568,"error_code":"invalid_request","event":"request_completed","level":"WARNING","method":"POST","request_id":"5decb94b94824d11b8143050345615aa","route":"/v1/knowledge/reviews:batch","service":"graphrag-prod","status":422,"timestamp":"2026-09-13T16:12:37.244072Z","trace_id":"0e33393f5ad24dce90bcb18abd078685"}
{"duration_ms":1.6108,"error_code":"invalid_request","event":"request_completed","level":"WARNING","method":"POST","request_id":"1b5086fd3f484ad6a3fdb08860203d45","route":"/v1/knowledge/reviews:batch","service":"graphrag-prod","status":422,"timestamp":"2026-09-13T16:12:37.247014Z","trace_id":"c4d4865c02b64011a73d910c191045f3"}
{"duration_ms":1.229947,"error_code":"invalid_request","event":"request_completed","level":"WARNING","method":"POST","request_id":"8d57532dd4dc4fedb293b21467040682","route":"/v1/knowledge/reviews:batch","service":"graphrag-prod","status":422,"timestamp":"2026-09-13T16:12:37.249795Z","trace_id":"2635406785a14e4383440c9e34bef3d9"}
{"duration_ms":2.648486,"event":"request_completed","level":"INFO","method":"POST","request_id":"8230fd4c333c4287a95f58a3808e1a29","route":"/v1/knowledge/publications:publish","service":"graphrag-prod","status":200,"timestamp":"2026-09-13T16:12:37.329043Z","trace_id":"f9d27ffc671b4088bfd40d1fbf97b14b"}
{"duration_ms":2.220406,"error_code":"invalid_request","event":"request_completed","level":"WARNING","method":"POST","request_id":"c7004bcdddba4858b3db047b4d34e193","route":"/v1/knowledge/publications:publish","service":"graphrag-prod","status":422,"timestamp":"2026-09-13T16:12:37.334815Z","trace_id":"8fbd62d29f44418d9f80fe5b08fac82a"}
{"duration_ms":0.282267,"error_code":"unauthenticated","event":"request_completed","level":"WARNING","method":"POST","request_id":"728273fded6b40c4baae9878f26662d5","route":"<unknown>","service":"graphrag-prod","status":401,"timestamp":"2026-09-13T16:12:37.432668Z","trace_id":"3ea3ff60e3af492082d1b4dee888ab62"}
{"duration_ms":8.476293,"event":"request_completed","level":"INFO","method":"POST","request_id":"82073d52c3fc43839cdf5867f72cf698","route":"/v1/knowledge/publications:preview","service":"graphrag-prod","status":200,"timestamp":"2026-09-13T16:12:37.442507Z","trace_id":"bba22b2c19674817a1f6c4af0817ba4f"}
{"duration_ms":2.087543,"event":"request_completed","level":"INFO","method":"POST","request_id":"8dd087fbb9454806a7c046fea76ac1c5","route":"/v1/knowledge/publications:publish","service":"graphrag-prod","status":200,"timestamp":"2026-09-13T16:12:37.446253Z","trace_id":"83354895be3644f2815b58d2f62b7feb"}
{"duration_ms":1.584965,"error_code":"invalid_request","event":"request_completed","level":"WARNING","method":"POST","request_id":"2eb37ea8e3d949c29b9d27ebe9f49c8e","route":"/v1/knowledge/publications:publish","service":"graphrag-prod","status":422,"timestamp":"2026-09-13T16:12:37.450204Z","trace_id":"5a633e7e3ef54f6f8033e869efbe5529"}
{"duration_ms":1.696273,"error_code":"invalid_request","event":"request_completed","level":"WARNING","method":"POST","request_id":"b093feedaadd4a639c26555d9018399b","route":"/v1/knowledge/publications:publish","service":"graphrag-prod","status":422,"timestamp":"2026-09-13T16:12:37.453740Z","trace_id":"61ea63417e3e4335a48278ddab84540c"}
{"duration_ms":0.243449,"error_code":"unauthenticated","event":"request_completed","level":"WARNING","method":"POST","request_id":"ae754372c94b486bb402aae815e11230","route":"<unknown>","service":"graphrag-prod","status":401,"timestamp":"2026-09-13T16:12:37.543270Z","trace_id":"33f25f14d3364701bde7295a3a93abbf"}
{"duration_ms":1.546197,"error_code":"forbidden","event":"request_completed","level":"WARNING","method":"POST","request_id":"a6cca1332abd4148b01ee82b309016a9","route":"/v1/knowledge/review-evidence","service":"graphrag-prod","status":403,"timestamp":"2026-09-13T16:12:37.546292Z","trace_id":"3d2452ad7fa749f99ad5a48538bee2fb"}
{"duration_ms":1.980141,"event":"request_completed","level":"INFO","method":"POST","request_id":"574cc99e68b24c8c833536f25e9d9c98","route":"/v1/knowledge/review-evidence","service":"graphrag-prod","status":200,"timestamp":"2026-09-13T16:12:37.551573Z","trace_id":"cddc2eec5cef456190acdbaae5b049b9"}
{"duration_ms":1.56152,"error_code":"invalid_request","event":"request_completed","level":"WARNING","method":"POST","request_id":"34d7f5f7a6354ec7ad05abee5b4c4fcb","route":"/v1/knowledge/review-evidence","service":"graphrag-prod","status":422,"timestamp":"2026-09-13T16:12:37.555195Z","trace_id":"32cf3191f3bc4bb4abe775a49bc791d9"}
{"duration_ms":2.537406,"event":"request_completed","level":"INFO","method":"POST","request_id":"5628904c9ade4ae3bda09da111456b95","route":"/v1/knowledge/entity-resolution:apply","service":"graphrag-prod","status":200,"timestamp":"2026-09-13T16:12:37.559382Z","trace_id":"12fcc88a0747407385526fc80f4ca2c9"}
{"duration_ms":2.119699,"error_code":"invalid_request","event":"request_completed","level":"WARNING","method":"POST","request_id":"f9fbb549fa3a445cb4a0c52b87e17771","route":"/v1/knowledge/entity-resolution:apply","service":"graphrag-prod","status":422,"timestamp":"2026-09-13T16:12:37.563747Z","trace_id":"f0a7105b922e452a88aaeeb4fa4a9b31"}
{"duration_ms":3.072262,"event":"request_completed","level":"INFO","method":"POST","request_id":"b2e705f1958e4b39808b8357d3708a48","route":"/v1/knowledge:construct","service":"graphrag-prod","status":200,"timestamp":"2026-09-13T16:12:37.677074Z","trace_id":"34e4cb5704a64a6f96b5908f76b69643"}
----------------------------------------------------------------------
Ran 71 tests in 2.250s

OK
