Chromium ready: 153.0.8010.12
{"at":"2026-09-13T15:36:13.070Z","progress":"正在处理：0 / 20 个片段。每个片段均需通过本体与证据校验。"}
{"at":"2026-09-13T15:36:28.070Z","progress":"正在处理：0 / 20 个片段。每个片段均需通过本体与证据校验。"}
{"at":"2026-09-13T15:36:43.066Z","progress":"正在处理：3 / 20 个片段。每个片段均需通过本体与证据校验。"}
{"at":"2026-09-13T15:36:58.084Z","progress":"正在处理：10 / 20 个片段。每个片段均需通过本体与证据校验。"}
{"at":"2026-09-13T15:37:13.084Z","progress":"正在处理：13 / 20 个片段。每个片段均需通过本体与证据校验。"}
{"at":"2026-09-13T15:37:28.099Z","progress":"片段处理完成，正在汇总：20 / 20 个片段。每个片段均需通过本体与证据校验。"}
{"at":"2026-09-13T15:37:43.071Z","progress":"片段处理完成，正在汇总：20 / 20 个片段。每个片段均需通过本体与证据校验。"}
{"at":"2026-09-13T15:37:58.075Z","progress":"进度暂时无法刷新，正在等待本次构建结果。"}
{"at":"2026-09-13T15:38:13.074Z","progress":"进度暂时无法刷新，正在等待本次构建结果。"}
{"at":"2026-09-13T15:38:28.073Z","progress":"进度暂时无法刷新，正在等待本次构建结果。"}
{"at":"2026-09-13T15:38:43.080Z","progress":"进度暂时无法刷新，正在等待本次构建结果。"}
{"at":"2026-09-13T15:38:58.085Z","progress":"进度暂时无法刷新，正在等待本次构建结果。"}
{"at":"2026-09-13T15:39:13.081Z","progress":"进度暂时无法刷新，正在等待本次构建结果。"}
{"at":"2026-09-13T15:39:28.167Z","progress":"进度暂时无法刷新，正在等待本次构建结果。"}
{"at":"2026-09-13T15:39:43.092Z","progress":"进度暂时无法刷新，正在等待本次构建结果。"}
{"at":"2026-09-13T15:39:58.089Z","progress":"片段处理完成，正在汇总：20 / 20 个片段。每个片段均需通过本体与证据校验。"}
{"at":"2026-09-13T15:40:13.096Z","progress":"进度暂时无法刷新，正在等待本次构建结果。"}
{"at":"2026-09-13T15:40:28.104Z","progress":"进度暂时无法刷新，正在等待本次构建结果。"}
{"at":"2026-09-13T15:40:43.097Z","progress":"进度暂时无法刷新，正在等待本次构建结果。"}
{"at":"2026-09-13T15:40:58.095Z","progress":"进度暂时无法刷新，正在等待本次构建结果。"}
{"at":"2026-09-13T15:41:13.104Z","progress":"进度暂时无法刷新，正在等待本次构建结果。"}
{"at":"2026-09-13T15:41:28.101Z","progress":"进度暂时无法刷新，正在等待本次构建结果。"}
{"at":"2026-09-13T15:41:43.104Z","progress":"进度暂时无法刷新，正在等待本次构建结果。"}
{"at":"2026-09-13T15:41:58.102Z","progress":"进度暂时无法刷新，正在等待本次构建结果。"}
{"at":"2026-09-13T15:42:13.109Z","progress":"进度暂时无法刷新，正在等待本次构建结果。"}
{"at":"2026-09-13T15:42:28.106Z","progress":"进度暂时无法刷新，正在等待本次构建结果。"}
{"at":"2026-09-13T15:42:43.104Z","progress":"进度暂时无法刷新，正在等待本次构建结果。"}
{"at":"2026-09-13T15:42:58.105Z","progress":"进度暂时无法刷新，正在等待本次构建结果。"}
{"at":"2026-09-13T15:43:13.111Z","progress":"进度暂时无法刷新，正在等待本次构建结果。"}
{"at":"2026-09-13T15:43:28.107Z","progress":"进度暂时无法刷新，正在等待本次构建结果。"}
{"at":"2026-09-13T15:43:43.124Z","progress":"片段处理完成，正在汇总：20 / 20 个片段。每个片段均需通过本体与证据校验。"}
{"at":"2026-09-13T15:43:58.225Z","progress":"进度暂时无法刷新，正在等待本次构建结果。"}
{"at":"2026-09-13T15:44:13.214Z","progress":"进度暂时无法刷新，正在等待本次构建结果。"}
{"at":"2026-09-13T15:44:28.191Z","progress":"进度暂时无法刷新，正在等待本次构建结果。"}
{"phase":"topology","status":"failed","started_at":"2026-09-13T15:35:55.748Z","errors":[],"blocked":[],"screenshots":[],"workspace_id":"43b248f9-927a-5811-8b86-c2af24bb8cc6","generation":5,"error":"{\"code\":\"dependency_unavailable\",\"message\":\"a dependency is temporarily unavailable\",\"request_id\":\"389c3687dcba4d42a8c62008af0c2e30\"}","finished_at":"2026-09-13T15:44:29.010Z"}
{"code":"dependency_unavailable","message":"a dependency is temporarily unavailable","request_id":"389c3687dcba4d42a8c62008af0c2e30"}
