/Users/shanzhonghan/Documents/mini_projects/ai_power/ai_power_kg/kg_training/sample-graphrag/.venv/lib/python3.12/site-packages/fastapi/testclient.py:1: StarletteDeprecationWarning: Using `httpx` with `starlette.testclient` is deprecated; install `httpx2` instead.
  from starlette.testclient import TestClient as TestClient  # noqa
.........F...............
======================================================================
FAIL: test_prefill_selects_mode_but_leaves_file_and_all_writes_to_user (tests.unit.test_playground_demo_ui.PlaygroundDemoUiTests.test_prefill_selects_mode_but_leaves_file_and_all_writes_to_user)
----------------------------------------------------------------------
Traceback (most recent call last):
  File "/Users/shanzhonghan/Documents/mini_projects/ai_power/ai_power_kg/kg_training/sample-graphrag/tests/unit/test_playground_demo_ui.py", line 243, in test_prefill_selects_mode_but_leaves_file_and_all_writes_to_user
    self.run_js(r"""
  File "/Users/shanzhonghan/Documents/mini_projects/ai_power/ai_power_kg/kg_training/sample-graphrag/tests/unit/test_playground_demo_ui.py", line 172, in run_js
    self.assertEqual(result.returncode, 0, result.stderr)
AssertionError: 1 != 0 : AssertionError [ERR_ASSERTION]: The input did not match the regular expression /先复核，再发布/. Input:

'构建后自动预审，疑难项人工核查，再发布。'

    at evalmachine.<anonymous>:8:8
    at evalmachine.<anonymous>:19:3
    at Script.runInContext (node:vm:149:12)
    at Object.runInContext (node:vm:301:6)
    at [eval]:72:4
    at runScriptInThisContext (node:internal/vm:209:10)
    at node:internal/process/execution:449:12
    at [eval]-wrapper:6:24
    at runScriptInContext (node:internal/process/execution:447:60)
    at evalFunction (node:internal/process/execution:280:30) {
  generatedMessage: true,
  code: 'ERR_ASSERTION',
  actual: '构建后自动预审，疑难项人工核查，再发布。',
  expected: /先复核，再发布/,
  operator: 'match'
}


----------------------------------------------------------------------
Ran 25 tests in 2.211s

FAILED (failures=1)
