/Users/shanzhonghan/Documents/mini_projects/ai_power/ai_power_kg/kg_training/sample-graphrag/.venv/lib/python3.12/site-packages/fastapi/testclient.py:1: StarletteDeprecationWarning: Using `httpx` with `starlette.testclient` is deprecated; install `httpx2` instead.
  from starlette.testclient import TestClient as TestClient  # noqa
...F....F.............................................
======================================================================
FAIL: test_late_running_poll_cannot_replace_terminal_retry_during_slow_queue_refresh (tests.unit.test_auto_review_ui.AutoReviewUiTests.test_late_running_poll_cannot_replace_terminal_retry_during_slow_queue_refresh)
----------------------------------------------------------------------
Traceback (most recent call last):
  File "/Users/shanzhonghan/Documents/mini_projects/ai_power/ai_power_kg/kg_training/sample-graphrag/tests/unit/test_auto_review_ui.py", line 185, in test_late_running_poll_cannot_replace_terminal_retry_during_slow_queue_refresh
    self.run_review(r"""
  File "/Users/shanzhonghan/Documents/mini_projects/ai_power/ai_power_kg/kg_training/sample-graphrag/tests/unit/test_auto_review_ui.py", line 19, in run_review
    self.run_module(r"""
  File "/Users/shanzhonghan/Documents/mini_projects/ai_power/ai_power_kg/kg_training/sample-graphrag/tests/unit/test_industrial_web.py", line 56, in run_module
    self.assertEqual(result.returncode, 0, result.stderr)
AssertionError: 1 != 0 : Industrial UI scenario timed out


======================================================================
FAIL: test_retry_is_single_explicit_operation_and_refreshes_current_queues (tests.unit.test_auto_review_ui.AutoReviewUiTests.test_retry_is_single_explicit_operation_and_refreshes_current_queues)
----------------------------------------------------------------------
Traceback (most recent call last):
  File "/Users/shanzhonghan/Documents/mini_projects/ai_power/ai_power_kg/kg_training/sample-graphrag/tests/unit/test_auto_review_ui.py", line 137, in test_retry_is_single_explicit_operation_and_refreshes_current_queues
    self.run_review(r"""
  File "/Users/shanzhonghan/Documents/mini_projects/ai_power/ai_power_kg/kg_training/sample-graphrag/tests/unit/test_auto_review_ui.py", line 19, in run_review
    self.run_module(r"""
  File "/Users/shanzhonghan/Documents/mini_projects/ai_power/ai_power_kg/kg_training/sample-graphrag/tests/unit/test_industrial_web.py", line 56, in run_module
    self.assertEqual(result.returncode, 0, result.stderr)
AssertionError: 1 != 0 : Industrial UI scenario timed out


----------------------------------------------------------------------
Ran 54 tests in 14.826s

FAILED (failures=2)
