Starting disposable Stage 8 Neo4j container: sample-graphrag-stage8-neo4j-8912
Waiting for Neo4j on 127.0.0.1:58994
Running Stage 8 Neo4j integration tests
test_context_cannot_retarget_record_and_missing_secondary_link_fails_closed (test_context_contract_neo4j.ContextContractNeo4jTests.test_context_cannot_retarget_record_and_missing_secondary_link_fails_closed) ... ok
test_context_publication_materialization_quality_and_both_source_roles (test_context_contract_neo4j.ContextContractNeo4jTests.test_context_publication_materialization_quality_and_both_source_roles) ... ERROR
test_context_source_acl_change_and_retirement_hide_secondary_values (test_context_contract_neo4j.ContextContractNeo4jTests.test_context_source_acl_change_and_retirement_hide_secondary_values) ... ok

======================================================================
ERROR: test_context_publication_materialization_quality_and_both_source_roles (test_context_contract_neo4j.ContextContractNeo4jTests.test_context_publication_materialization_quality_and_both_source_roles)
----------------------------------------------------------------------
Traceback (most recent call last):
  File "/Users/shanzhonghan/Documents/mini_projects/ai_power/ai_power_kg/kg_training/sample-graphrag/tests/integration/test_context_contract_neo4j.py", line 55, in test_context_publication_materialization_quality_and_both_source_roles
    self.assertEqual(value["quoted_text"], record.literal_value)
              ^^^^^^^^^^^^^^^^^^^^^^^^^^^^^^^^^^^^^^^^^^^^^^^^^^
  File "/Users/shanzhonghan/Documents/mini_projects/ai_power/ai_power_kg/kg_training/sample-graphrag/src/graphrag_prod/knowledge/review.py", line 1840, in publish
    session.execute_write(
  File "/Users/shanzhonghan/Documents/mini_projects/ai_power/ai_power_kg/kg_training/sample-graphrag/.venv/lib/python3.12/site-packages/neo4j/_sync/work/session.py", line 754, in execute_write
    return self._run_transaction(
           ^^^^^^^^^^^^^^^^^^^^^^
  File "/Users/shanzhonghan/Documents/mini_projects/ai_power/ai_power_kg/kg_training/sample-graphrag/.venv/lib/python3.12/site-packages/neo4j/_sync/work/session.py", line 577, in _run_transaction
    result = transaction_function(tx, *args, **kwargs)
             ^^^^^^^^^^^^^^^^^^^^^^^^^^^^^^^^^^^^^^^^^
  File "/Users/shanzhonghan/Documents/mini_projects/ai_power/ai_power_kg/kg_training/sample-graphrag/.venv/lib/python3.12/site-packages/neo4j/_work/query.py", line 142, in wrapped
    return f(*args, **kwargs)
           ^^^^^^^^^^^^^^^^^^
  File "/Users/shanzhonghan/Documents/mini_projects/ai_power/ai_power_kg/kg_training/sample-graphrag/src/graphrag_prod/knowledge/review.py", line 2272, in _publish_tx
    ontology_version_id = cls._validate_property_cardinality_tx(
                          ^^^^^^^^^^^^^^^^^^^^^^^^^^^^^^^^^^^^^^
  File "/Users/shanzhonghan/Documents/mini_projects/ai_power/ai_power_kg/kg_training/sample-graphrag/src/graphrag_prod/knowledge/review.py", line 2726, in _validate_property_cardinality_tx
    tx.run(
  File "/Users/shanzhonghan/Documents/mini_projects/ai_power/ai_power_kg/kg_training/sample-graphrag/.venv/lib/python3.12/site-packages/neo4j/_sync/work/transaction.py", line 201, in run
    result._tx_ready_run(query, parameters)
  File "/Users/shanzhonghan/Documents/mini_projects/ai_power/ai_power_kg/kg_training/sample-graphrag/.venv/lib/python3.12/site-packages/neo4j/_sync/work/result.py", line 180, in _tx_ready_run
    self._run(query, parameters, None, None, None, None, None, None)
  File "/Users/shanzhonghan/Documents/mini_projects/ai_power/ai_power_kg/kg_training/sample-graphrag/.venv/lib/python3.12/site-packages/neo4j/_sync/work/result.py", line 240, in _run
    self._attach()
  File "/Users/shanzhonghan/Documents/mini_projects/ai_power/ai_power_kg/kg_training/sample-graphrag/.venv/lib/python3.12/site-packages/neo4j/_sync/work/result.py", line 441, in _attach
    self._connection.fetch_message()
  File "/Users/shanzhonghan/Documents/mini_projects/ai_power/ai_power_kg/kg_training/sample-graphrag/.venv/lib/python3.12/site-packages/neo4j/_sync/io/_common.py", line 193, in inner
    func(*args, **kwargs)
  File "/Users/shanzhonghan/Documents/mini_projects/ai_power/ai_power_kg/kg_training/sample-graphrag/.venv/lib/python3.12/site-packages/neo4j/_sync/io/_bolt.py", line 860, in fetch_message
    res = self._process_message(tag, fields)
          ^^^^^^^^^^^^^^^^^^^^^^^^^^^^^^^^^^
  File "/Users/shanzhonghan/Documents/mini_projects/ai_power/ai_power_kg/kg_training/sample-graphrag/.venv/lib/python3.12/site-packages/neo4j/_sync/io/_bolt5.py", line 1202, in _process_message
    response.on_failure(summary_metadata or {})
  File "/Users/shanzhonghan/Documents/mini_projects/ai_power/ai_power_kg/kg_training/sample-graphrag/.venv/lib/python3.12/site-packages/neo4j/_sync/io/_common.py", line 263, in on_failure
    raise self._hydrate_error(metadata)
neo4j.exceptions.ClientError: {neo4j_code: Neo.ClientError.Transaction.TransactionTimedOutClientConfiguration} {message: The transaction has been terminated. Retry your operation in a new transaction, and you should see a successful result. The transaction has not completed within the timeout specified at its start by the client. You may want to retry with a longer timeout. } {gql_status: 50N42} {gql_status_description: error: general processing exception - unexpected error. Unexpected error has occurred. See debug log for details.}

----------------------------------------------------------------------
Ran 3 tests in 521.691s

FAILED (errors=1)
