/Users/shanzhonghan/Documents/mini_projects/ai_power/ai_power_kg/kg_training/sample-graphrag/.venv/lib/python3.12/site-packages/fastapi/testclient.py:1: StarletteDeprecationWarning: Using `httpx` with `starlette.testclient` is deprecated; install `httpx2` instead.
  from starlette.testclient import TestClient as TestClient  # noqa
............................................................................{"duration_ms":2.068473,"error_code":"unauthenticated","event":"request_completed","level":"WARNING","method":"GET","request_id":"0a6f164497804e5d9c3e57c30296e3c1","route":"<unknown>","service":"reset-unit","status":401,"timestamp":"2026-09-14T00:14:25.961425Z","trace_id":"db1f60883f1549799dbfa307454acf30"}
{"duration_ms":8.750851,"event":"request_completed","level":"INFO","method":"GET","request_id":"b70714feeeea47c3804aaf0b2a7e8d7c","route":"/v1/ontologies","service":"reset-unit","status":200,"timestamp":"2026-09-14T00:14:25.973885Z","trace_id":"8a055de6ddeb45279f7588e7135de101"}
{"duration_ms":5.455668,"error_code":"forbidden","event":"request_completed","level":"WARNING","method":"POST","request_id":"1b6269b98fc9448abe063fb247688e64","route":"/v1/ontologies:import","service":"reset-unit","status":403,"timestamp":"2026-09-14T00:14:25.985301Z","trace_id":"0d4db9608ea043119ccdfc761d14e982"}
.......................................[4/5] External provider warm-up explicitly skipped; connectivity is unverified. Uploads and queries still require the real provider.
.[1/5] Verifying the versioned dev-corpus-v1 corpus
[2/5] Verifying the existing production graph schema
[1/5] Verifying the versioned dev-corpus-v1 corpus
[2/5] Verifying the existing production graph schema
.[1/5] Verifying the versioned dev-corpus-v1 corpus
[2/5] Verifying the existing production graph schema
[3/5] Verifying current embedding profiles; preserving existing data
[1/5] Verifying the versioned dev-corpus-v1 corpus
[2/5] Verifying the existing production graph schema
[3/5] Verifying current embedding profiles; preserving existing data
[1/5] Verifying the versioned dev-corpus-v1 corpus
[2/5] Verifying the existing production graph schema
[3/5] Verifying current embedding profiles; preserving existing data
[1/5] Verifying the versioned dev-corpus-v1 corpus
[2/5] Verifying the existing production graph schema
[3/5] Verifying current embedding profiles; preserving existing data
[1/5] Verifying the versioned dev-corpus-v1 corpus
[2/5] Verifying the existing production graph schema
[3/5] Verifying current embedding profiles; preserving existing data
[1/5] Verifying the versioned dev-corpus-v1 corpus
[2/5] Verifying the existing production graph schema
[3/5] Verifying current embedding profiles; preserving existing data
[1/5] Verifying the versioned dev-corpus-v1 corpus
[2/5] Verifying the existing production graph schema
[3/5] Verifying current embedding profiles; preserving existing data
[1/5] Verifying the versioned dev-corpus-v1 corpus
[2/5] Verifying the existing production graph schema
[3/5] Verifying current embedding profiles; preserving existing data
[1/5] Verifying the versioned dev-corpus-v1 corpus
[2/5] Verifying the existing production graph schema
[3/5] Verifying current embedding profiles; preserving existing data
[1/5] Verifying the versioned dev-corpus-v1 corpus
[2/5] Verifying the existing production graph schema
[3/5] Verifying current embedding profiles; preserving existing data
[1/5] Verifying the versioned dev-corpus-v1 corpus
[2/5] Verifying the existing production graph schema
[3/5] Verifying current embedding profiles; preserving existing data
[1/5] Verifying the versioned dev-corpus-v1 corpus
[2/5] Verifying the existing production graph schema
[3/5] Verifying current embedding profiles; preserving existing data
.[1/5] Verifying the versioned dev-corpus-v1 corpus
[2/5] Verifying the existing production graph schema
[3/5] Verifying current embedding profiles; preserving existing data
[1/5] Verifying the versioned dev-corpus-v1 corpus
[2/5] Verifying the existing production graph schema
[3/5] Verifying current embedding profiles; preserving existing data
[1/5] Verifying the versioned dev-corpus-v1 corpus
[2/5] Verifying the existing production graph schema
[3/5] Verifying current embedding profiles; preserving existing data
[1/5] Verifying the versioned dev-corpus-v1 corpus
[2/5] Verifying the existing production graph schema
[3/5] Verifying current embedding profiles; preserving existing data
[1/5] Verifying the versioned dev-corpus-v1 corpus
[2/5] Verifying the existing production graph schema
[3/5] Verifying current embedding profiles; preserving existing data
[1/5] Verifying the versioned dev-corpus-v1 corpus
[2/5] Verifying the existing production graph schema
[3/5] Verifying current embedding profiles; preserving existing data
[1/5] Verifying the versioned dev-corpus-v1 corpus
[2/5] Verifying the existing production graph schema
[3/5] Verifying current embedding profiles; preserving existing data
[1/5] Verifying the versioned dev-corpus-v1 corpus
[2/5] Verifying the existing production graph schema
[3/5] Verifying current embedding profiles; preserving existing data
[1/5] Verifying the versioned dev-corpus-v1 corpus
[2/5] Verifying the existing production graph schema
[3/5] Verifying current embedding profiles; preserving existing data
[1/5] Verifying the versioned dev-corpus-v1 corpus
[2/5] Verifying the existing production graph schema
[3/5] Verifying current embedding profiles; preserving existing data
[1/5] Verifying the versioned dev-corpus-v1 corpus
[2/5] Verifying the existing production graph schema
[3/5] Verifying current embedding profiles; preserving existing data
[1/5] Verifying the versioned dev-corpus-v1 corpus
[2/5] Verifying the existing production graph schema
[3/5] Verifying current embedding profiles; preserving existing data
.[1/5] Verifying the versioned dev-corpus-v1 corpus
[2/5] Verifying the existing production graph schema
[3/5] Verifying current embedding profiles; preserving existing data
..................[4/5] Warming the bounded retrieval path for both tenants
[4/5] Warming the bounded retrieval path for both tenants
.[4/5] Warming the bounded retrieval path for both tenants
      Retrieval warm-up timed out for alpha; retrying once with the same bounds and query embedding
.[4/5] Warming the bounded retrieval path for both tenants
.[4/5] Warming the bounded retrieval path for both tenants
      Retrieval warm-up timed out for alpha; retrying once with the same bounds and query embedding
[4/5] Warming the bounded retrieval path for both tenants
      Retrieval warm-up timed out for alpha; retrying once with the same bounds and query embedding
.[4/5] Warming the bounded retrieval path for both tenants
      Retrieval warm-up timed out for alpha; retrying once with the same bounds and query embedding
.
----------------------------------------------------------------------
Ran 142 tests in 81.465s

OK
