/Users/shanzhonghan/Documents/mini_projects/ai_power/ai_power_kg/kg_training/sample-graphrag/.venv/lib/python3.12/site-packages/fastapi/testclient.py:1: StarletteDeprecationWarning: Using `httpx` with `starlette.testclient` is deprecated; install `httpx2` instead.
  from starlette.testclient import TestClient as TestClient  # noqa
{"duration_ms":0.706693,"error_code":"unauthenticated","event":"request_completed","level":"WARNING","method":"GET","request_id":"85d23da6703e4d0882ce4956b1f27ba8","route":"<unknown>","service":"reset-unit","status":401,"timestamp":"2026-09-13T10:25:22.061265Z","trace_id":"3601c7ec1eb048a6a66294d55402733c"}
{"duration_ms":3.715026,"event":"request_completed","level":"INFO","method":"GET","request_id":"f150e3d0b9be44d7a67ff04905a4f951","route":"/v1/ontologies","service":"reset-unit","status":200,"timestamp":"2026-09-13T10:25:22.067429Z","trace_id":"b45261df541945729a02aa7c363c7ed5"}
{"duration_ms":2.30788,"error_code":"forbidden","event":"request_completed","level":"WARNING","method":"POST","request_id":"4fe0a64c573b4dfa99d530f42090dcae","route":"/v1/ontologies:import","service":"reset-unit","status":403,"timestamp":"2026-09-13T10:25:22.073101Z","trace_id":"2e375a71005649b98e0496b0c2f7ede8"}
[4/5] External provider warm-up explicitly skipped; connectivity is unverified. Uploads and queries still require the real provider.
[1/5] Verifying the versioned dev-corpus-v1 corpus
[2/5] Verifying the existing production graph schema
[1/5] Verifying the versioned dev-corpus-v1 corpus
[2/5] Verifying the existing production graph schema
[1/5] Verifying the versioned dev-corpus-v1 corpus
[2/5] Verifying the existing production graph schema
[3/5] Verifying current embedding profiles; preserving existing data
[1/5] Verifying the versioned dev-corpus-v1 corpus
[2/5] Verifying the existing production graph schema
[3/5] Verifying current embedding profiles; preserving existing data
[1/5] Verifying the versioned dev-corpus-v1 corpus
[2/5] Verifying the existing production graph schema
[3/5] Verifying current embedding profiles; preserving existing data
[1/5] Verifying the versioned dev-corpus-v1 corpus
[2/5] Verifying the existing production graph schema
[3/5] Verifying current embedding profiles; preserving existing data
[1/5] Verifying the versioned dev-corpus-v1 corpus
[2/5] Verifying the existing production graph schema
[3/5] Verifying current embedding profiles; preserving existing data
[1/5] Verifying the versioned dev-corpus-v1 corpus
[2/5] Verifying the existing production graph schema
[3/5] Verifying current embedding profiles; preserving existing data
[1/5] Verifying the versioned dev-corpus-v1 corpus
[2/5] Verifying the existing production graph schema
[3/5] Verifying current embedding profiles; preserving existing data
[1/5] Verifying the versioned dev-corpus-v1 corpus
[2/5] Verifying the existing production graph schema
[3/5] Verifying current embedding profiles; preserving existing data
[1/5] Verifying the versioned dev-corpus-v1 corpus
[2/5] Verifying the existing production graph schema
[3/5] Verifying current embedding profiles; preserving existing data
[1/5] Verifying the versioned dev-corpus-v1 corpus
[2/5] Verifying the existing production graph schema
[3/5] Verifying current embedding profiles; preserving existing data
[1/5] Verifying the versioned dev-corpus-v1 corpus
[2/5] Verifying the existing production graph schema
[3/5] Verifying current embedding profiles; preserving existing data
[1/5] Verifying the versioned dev-corpus-v1 corpus
[2/5] Verifying the existing production graph schema
[3/5] Verifying current embedding profiles; preserving existing data
[1/5] Verifying the versioned dev-corpus-v1 corpus
[2/5] Verifying the existing production graph schema
[3/5] Verifying current embedding profiles; preserving existing data
[1/5] Verifying the versioned dev-corpus-v1 corpus
[2/5] Verifying the existing production graph schema
[3/5] Verifying current embedding profiles; preserving existing data
[1/5] Verifying the versioned dev-corpus-v1 corpus
[2/5] Verifying the existing production graph schema
[3/5] Verifying current embedding profiles; preserving existing data
[1/5] Verifying the versioned dev-corpus-v1 corpus
[2/5] Verifying the existing production graph schema
[3/5] Verifying current embedding profiles; preserving existing data
[1/5] Verifying the versioned dev-corpus-v1 corpus
[2/5] Verifying the existing production graph schema
[3/5] Verifying current embedding profiles; preserving existing data
[1/5] Verifying the versioned dev-corpus-v1 corpus
[2/5] Verifying the existing production graph schema
[3/5] Verifying current embedding profiles; preserving existing data
[1/5] Verifying the versioned dev-corpus-v1 corpus
[2/5] Verifying the existing production graph schema
[3/5] Verifying current embedding profiles; preserving existing data
[1/5] Verifying the versioned dev-corpus-v1 corpus
[2/5] Verifying the existing production graph schema
[3/5] Verifying current embedding profiles; preserving existing data
[1/5] Verifying the versioned dev-corpus-v1 corpus
[2/5] Verifying the existing production graph schema
[3/5] Verifying current embedding profiles; preserving existing data
[1/5] Verifying the versioned dev-corpus-v1 corpus
[2/5] Verifying the existing production graph schema
[3/5] Verifying current embedding profiles; preserving existing data
[1/5] Verifying the versioned dev-corpus-v1 corpus
[2/5] Verifying the existing production graph schema
[3/5] Verifying current embedding profiles; preserving existing data
[1/5] Verifying the versioned dev-corpus-v1 corpus
[2/5] Verifying the existing production graph schema
[3/5] Verifying current embedding profiles; preserving existing data
[1/5] Verifying the versioned dev-corpus-v1 corpus
[2/5] Verifying the existing production graph schema
[3/5] Verifying current embedding profiles; preserving existing data
[4/5] Warming the bounded retrieval path for both tenants
[4/5] Warming the bounded retrieval path for both tenants
[4/5] Warming the bounded retrieval path for both tenants
      Retrieval warm-up timed out for alpha; retrying once with the same bounds and query embedding
[4/5] Warming the bounded retrieval path for both tenants
[4/5] Warming the bounded retrieval path for both tenants
      Retrieval warm-up timed out for alpha; retrying once with the same bounds and query embedding
[4/5] Warming the bounded retrieval path for both tenants
      Retrieval warm-up timed out for alpha; retrying once with the same bounds and query embedding
[4/5] Warming the bounded retrieval path for both tenants
      Retrieval warm-up timed out for alpha; retrying once with the same bounds and query embedding
----------------------------------------------------------------------
Ran 137 tests in 43.808s

OK
