/Users/shanzhonghan/Documents/mini_projects/ai_power/ai_power_kg/kg_training/sample-graphrag/.venv/lib/python3.12/site-packages/fastapi/testclient.py:1: StarletteDeprecationWarning: Using `httpx` with `starlette.testclient` is deprecated; install `httpx2` instead.
  from starlette.testclient import TestClient as TestClient  # noqa
{"duration_ms":0.548424,"error_code":"unauthenticated","event":"request_completed","level":"WARNING","method":"GET","request_id":"e67bc509a3df4843be4052e72118a19a","route":"<unknown>","service":"reset-unit","status":401,"timestamp":"2026-09-13T10:27:34.458777Z","trace_id":"6dda115e4fc043db87fb937384079fb9"}
{"duration_ms":9.141781,"event":"request_completed","level":"INFO","method":"GET","request_id":"559a87a116d3402baf494e1d98af71bd","route":"/v1/ontologies","service":"reset-unit","status":200,"timestamp":"2026-09-13T10:27:34.469895Z","trace_id":"d51eb899e91048a48ed70ce48370d9ba"}
{"duration_ms":2.749287,"error_code":"forbidden","event":"request_completed","level":"WARNING","method":"POST","request_id":"54035df0fda640ab836fbf6f4856aba8","route":"/v1/ontologies:import","service":"reset-unit","status":403,"timestamp":"2026-09-13T10:27:34.475856Z","trace_id":"f28fd4c12acf4b94b6db76244ea96e52"}
[4/5] External provider warm-up explicitly skipped; connectivity is unverified. Uploads and queries still require the real provider.
[1/5] Verifying the versioned dev-corpus-v1 corpus
[2/5] Verifying the existing production graph schema
[1/5] Verifying the versioned dev-corpus-v1 corpus
[2/5] Verifying the existing production graph schema
[1/5] Verifying the versioned dev-corpus-v1 corpus
[2/5] Verifying the existing production graph schema
[3/5] Verifying current embedding profiles; preserving existing data
[1/5] Verifying the versioned dev-corpus-v1 corpus
[2/5] Verifying the existing production graph schema
[3/5] Verifying current embedding profiles; preserving existing data
[1/5] Verifying the versioned dev-corpus-v1 corpus
[2/5] Verifying the existing production graph schema
[3/5] Verifying current embedding profiles; preserving existing data
[1/5] Verifying the versioned dev-corpus-v1 corpus
[2/5] Verifying the existing production graph schema
[3/5] Verifying current embedding profiles; preserving existing data
[1/5] Verifying the versioned dev-corpus-v1 corpus
[2/5] Verifying the existing production graph schema
[3/5] Verifying current embedding profiles; preserving existing data
[1/5] Verifying the versioned dev-corpus-v1 corpus
[2/5] Verifying the existing production graph schema
[3/5] Verifying current embedding profiles; preserving existing data
[1/5] Verifying the versioned dev-corpus-v1 corpus
[2/5] Verifying the existing production graph schema
[3/5] Verifying current embedding profiles; preserving existing data
[1/5] Verifying the versioned dev-corpus-v1 corpus
[2/5] Verifying the existing production graph schema
[3/5] Verifying current embedding profiles; preserving existing data
[1/5] Verifying the versioned dev-corpus-v1 corpus
[2/5] Verifying the existing production graph schema
[3/5] Verifying current embedding profiles; preserving existing data
[1/5] Verifying the versioned dev-corpus-v1 corpus
[2/5] Verifying the existing production graph schema
[3/5] Verifying current embedding profiles; preserving existing data
[1/5] Verifying the versioned dev-corpus-v1 corpus
[2/5] Verifying the existing production graph schema
[3/5] Verifying current embedding profiles; preserving existing data
[1/5] Verifying the versioned dev-corpus-v1 corpus
[2/5] Verifying the existing production graph schema
[3/5] Verifying current embedding profiles; preserving existing data
[1/5] Verifying the versioned dev-corpus-v1 corpus
[2/5] Verifying the existing production graph schema
[3/5] Verifying current embedding profiles; preserving existing data
[1/5] Verifying the versioned dev-corpus-v1 corpus
[2/5] Verifying the existing production graph schema
[3/5] Verifying current embedding profiles; preserving existing data
[1/5] Verifying the versioned dev-corpus-v1 corpus
[2/5] Verifying the existing production graph schema
[3/5] Verifying current embedding profiles; preserving existing data
[1/5] Verifying the versioned dev-corpus-v1 corpus
[2/5] Verifying the existing production graph schema
[3/5] Verifying current embedding profiles; preserving existing data
[1/5] Verifying the versioned dev-corpus-v1 corpus
[2/5] Verifying the existing production graph schema
[3/5] Verifying current embedding profiles; preserving existing data
[1/5] Verifying the versioned dev-corpus-v1 corpus
[2/5] Verifying the existing production graph schema
[3/5] Verifying current embedding profiles; preserving existing data
[1/5] Verifying the versioned dev-corpus-v1 corpus
[2/5] Verifying the existing production graph schema
[3/5] Verifying current embedding profiles; preserving existing data
[1/5] Verifying the versioned dev-corpus-v1 corpus
[2/5] Verifying the existing production graph schema
[3/5] Verifying current embedding profiles; preserving existing data
[1/5] Verifying the versioned dev-corpus-v1 corpus
[2/5] Verifying the existing production graph schema
[3/5] Verifying current embedding profiles; preserving existing data
[1/5] Verifying the versioned dev-corpus-v1 corpus
[2/5] Verifying the existing production graph schema
[3/5] Verifying current embedding profiles; preserving existing data
[1/5] Verifying the versioned dev-corpus-v1 corpus
[2/5] Verifying the existing production graph schema
[3/5] Verifying current embedding profiles; preserving existing data
[1/5] Verifying the versioned dev-corpus-v1 corpus
[2/5] Verifying the existing production graph schema
[3/5] Verifying current embedding profiles; preserving existing data
[1/5] Verifying the versioned dev-corpus-v1 corpus
[2/5] Verifying the existing production graph schema
[3/5] Verifying current embedding profiles; preserving existing data
[4/5] Warming the bounded retrieval path for both tenants
[4/5] Warming the bounded retrieval path for both tenants
[4/5] Warming the bounded retrieval path for both tenants
      Retrieval warm-up timed out for alpha; retrying once with the same bounds and query embedding
[4/5] Warming the bounded retrieval path for both tenants
[4/5] Warming the bounded retrieval path for both tenants
      Retrieval warm-up timed out for alpha; retrying once with the same bounds and query embedding
[4/5] Warming the bounded retrieval path for both tenants
      Retrieval warm-up timed out for alpha; retrying once with the same bounds and query embedding
[4/5] Warming the bounded retrieval path for both tenants
      Retrieval warm-up timed out for alpha; retrying once with the same bounds and query embedding
----------------------------------------------------------------------
Ran 138 tests in 34.329s

OK
