Starting disposable Stage 8 Neo4j container: sample-graphrag-stage8-neo4j-97773
Waiting for Neo4j on 127.0.0.1:65194
Running Stage 8 Neo4j integration tests
test_300_then_279_records_preserve_both_sources_in_one_active_publication (test_publication_capacity_neo4j.PublicationCapacityNeo4jTests.test_300_then_279_records_preserve_both_sources_in_one_active_publication) ... {"phase": "prepare_300", "status": "started"}
{"phase": "prepare_300", "seconds": 40.194}
{"phase": "prepare_279", "status": "started"}
{"phase": "prepare_279", "seconds": 24.393}
{"phase": "prepare_embedding_index", "status": "started"}
{"phase": "prepare_embedding_index", "seconds": 2.406}
{"phase": "preview_300", "status": "started"}
{"phase": "preview_300", "seconds": 27.677}
{"phase": "publish_300", "status": "started"}
{"phase": "publish_300", "seconds": 17.208}
{"phase": "preview_279", "status": "started"}
{"phase": "preview_279", "seconds": 26.189}
{"phase": "publish_279", "status": "started"}
{"phase": "publish_279", "seconds": 18.629}
{"phase": "active_manifest_read", "status": "started"}
{"phase": "active_manifest_read", "seconds": 2.408}
{"phase": "formal_source_list", "status": "started"}
{"phase": "formal_source_list", "seconds": 3.775}
{"phase": "formal_retrieval_first", "status": "started"}
{"phase": "formal_retrieval_first", "seconds": 0.0}
ERROR
{"seconds": {"active_manifest_read": 2.408, "formal_retrieval_first": 0.0, "formal_source_list": 3.775, "prepare_279": 24.393, "prepare_300": 40.194, "prepare_embedding_index": 2.406, "preview_279": 26.189, "preview_300": 27.677, "publish_279": 18.629, "publish_300": 17.208}, "test": "publication-capacity-300-plus-279"}

======================================================================
ERROR: test_300_then_279_records_preserve_both_sources_in_one_active_publication (test_publication_capacity_neo4j.PublicationCapacityNeo4jTests.test_300_then_279_records_preserve_both_sources_in_one_active_publication)
----------------------------------------------------------------------
Traceback (most recent call last):
  File "/Users/shanzhonghan/Documents/mini_projects/ai_power/ai_power_kg/kg_training/sample-graphrag/tests/integration/test_publication_capacity_neo4j.py", line 225, in test_300_then_279_records_preserve_both_sources_in_one_active_publication
    result = self.timed("formal_retrieval_" + name, lambda: self.engine.retrieve(RetrievalRequest(
             ^^^^^^^^^^^^^^^^^^^^^^^^^^^^^^^^^^^^^^^^^^^^^^^^^^^^^^^^^^^^^^^^^^^^^^^^^^^^^^^^^^^^^
  File "/Users/shanzhonghan/Documents/mini_projects/ai_power/ai_power_kg/kg_training/sample-graphrag/tests/integration/test_publication_capacity_neo4j.py", line 102, in timed
    return operation()
           ^^^^^^^^^^^
  File "/Users/shanzhonghan/Documents/mini_projects/ai_power/ai_power_kg/kg_training/sample-graphrag/tests/integration/test_publication_capacity_neo4j.py", line 228, in <lambda>
    limits=RetrievalLimits(top_k=2),
           ^^^^^^^^^^^^^^^^^^^^^^^^
  File "<string>", line 20, in __init__
  File "/Users/shanzhonghan/Documents/mini_projects/ai_power/ai_power_kg/kg_training/sample-graphrag/src/graphrag_prod/retrieval/models.py", line 122, in __post_init__
    raise ValueError("anchor_k must not exceed top_k")
ValueError: anchor_k must not exceed top_k

----------------------------------------------------------------------
Ran 1 test in 196.080s

FAILED (errors=1)
