Starting disposable Stage 8 Neo4j container: sample-graphrag-stage8-neo4j-3801
Waiting for Neo4j on 127.0.0.1:65364
Running Stage 8 Neo4j integration tests
test_300_then_279_records_preserve_both_sources_in_one_active_publication (test_publication_capacity_neo4j.PublicationCapacityNeo4jTests.test_300_then_279_records_preserve_both_sources_in_one_active_publication) ... {"phase": "prepare_300", "status": "started"}
{"phase": "prepare_300", "seconds": 42.172}
{"phase": "prepare_279", "status": "started"}
{"phase": "prepare_279", "seconds": 21.08}
{"phase": "prepare_embedding_index", "status": "started"}
{"phase": "prepare_embedding_index", "seconds": 1.82}
{"phase": "preview_300", "status": "started"}
{"phase": "preview_300", "seconds": 25.121}
{"phase": "publish_300", "status": "started"}
{"phase": "publish_300", "seconds": 16.889}
{"phase": "preview_279", "status": "started"}
{"phase": "preview_279", "seconds": 25.153}
{"phase": "publish_279", "status": "started"}
{"phase": "publish_279", "seconds": 22.039}
{"phase": "active_manifest_read", "status": "started"}
{"phase": "active_manifest_read", "seconds": 4.649}
{"phase": "formal_source_list", "status": "started"}
{"phase": "formal_source_list", "seconds": 4.291}
{"phase": "formal_retrieval_first", "status": "started"}
{"phase": "formal_retrieval_first", "seconds": 26.11}
{"phase": "formal_retrieval_second", "status": "started"}
{"phase": "formal_retrieval_second", "seconds": 0.67}
{"seconds": {"active_manifest_read": 4.649, "formal_retrieval_first": 26.11, "formal_retrieval_second": 0.67, "formal_source_list": 4.291, "prepare_279": 21.08, "prepare_300": 42.172, "prepare_embedding_index": 1.82, "preview_279": 25.153, "preview_300": 25.121, "publish_279": 22.039, "publish_300": 16.889}, "test": "publication-capacity-300-plus-279"}
ok
test_exact_membership_limits_and_legacy_source_only_compatibility (tests.integration.test_publication_member_guard_neo4j.PublicationMemberGuardNeo4jTests.test_exact_membership_limits_and_legacy_source_only_compatibility) ... ok

----------------------------------------------------------------------
Ran 2 tests in 235.239s

OK
